[
["David Gould", "Season 1"],
["Jason Curis", "Season 1"],
["Sam Solovey", "Season 1"],
["Bowie Hogg", "Season 1"],
["Kristi Frank", "Season 1"],
["Jessie Connors", "Season 1"],
["Tammy Lee", "Season 1"],
["Ereka Vetrini", "Season 1"],
["Omarosa Manigault-Stallworth", "Seasons 1, 7 and 13"],
["Omarosa", "Seasons 1, 7 and 13"],
["Heidi Bressler", "Season 1"],
["Katrina Campins", "Season 1"],
["Troy McClain", "Season 1"],
["Nick Warnock", "Season 1"],
["Amelia \"Amy\" Henry", "Season 1"],
["Amelia Amy Henry", "Season 1"],
["Amelia Henry", "Season 1"],
["Amy Henry", "Season 1"],
["Kwame Jackson", "Season 1"],
["Bill Rancic", "Season 1"],
["Rob Flanagan", "Season 2"],
["Bradford Cohen", "Season 2"],
["Stacie Jones Upchurch", "Season 2"],
["Jennifer Crisafulli", "Season 2"],
["Pamela Day", "Season 2"],
["John Willenborg", "Season 2"],
["Stacy Rotner", "Season 2"],
["Elizabeth Jarosz", "Season 2"],
["Raj Bhakta", "Season 2"],
["Chris Russo", "Season 2"],
["Maria Boren", "Season 2"],
["Wes Moss", "Season 2"],
["Andy Litinsky", "Season 2"],
["Ivana Ma", "Season 2"],
["Kevin Allen", "Season 2"],
["Sandy Ferreira", "Season 2"],
["Jennifer Massey", "Season 2"],
["Kelly Perdew", "Season 2"],
["Todd Everett", "Season 3"],
["Brian McDowell", "Season 3"],
["Verna Felton", "Season 3"],
["Danny Kastner", "Season 3"],
["Kristen Kirchner", "Season 3"],
["Michael Tarshi", "Season 3"],
["Tara Dowdell", "Season 3"],
["Audrey Evans", "Season 3"],
["John Gafford", "Season 3"],
["Erin Elmore", "Season 3"],
["Stephanie Myers", "Season 3"],
["Angie McKnight", "Season 3"],
["Chris Shelton", "Season 3"],
["Bren Olswanger", "Season 3"],
["Alex Thomason", "Season 3"],
["Craig Williams", "Season 3"],
["Tana Goertz", "Season 3"],
["Kendra Todd", "Season 3"],
["Melissa Holovach", "Season 4"],
["Chris Valletta", "Season 4"],
["Jennifer Wallen", "Season 4"],
["Toral Mehta", "Season 4"],
["Kristi Caudell", "Season 4"],
["James Dillon", "Season 4"],
["Mark Lamkin", "Season 4"],
["Jennifer Murphy", "Season 4"],
["Josh Shaw", "Season 4"],
["Markus Garrison", "Season 4"],
["Brian Mandelbaum", "Season 4"],
["Marshawn Evans", "Season 4"],
["Clay Lee", "Season 4"],
["Adam Israelov", "Season 4"],
["Felisha Mason", "Season 4"],
["Alla Wartenberg", "Season 4"],
["Rebecca Jarvis", "Season 4"],
["Randal Pinkett", "Season 4"],
["Summer Zervos", "Season 5"],
["Stacy Schneider", "Season 5"],
["Jose \"Pepi\" Diaz", "Season 5"],
["Jose Pepi Diaz", "Season 5"],
["Jose Diaz", "Season 5"],
["Pepi Diaz", "Season 5"],
["Theresa Boutross", "Season 5"],
["Brent Buckman", "Season 5"],
["Dan Brody", "Season 5"],
["Bryce Gahagan", "Season 5"],
["Lenny Veltman", "Season 5"],
["Leslie Bourgeois", "Season 5"],
["Andrea Lake", "Season 5"],
["Charmaine Hunt", "Season 5"],
["Tarek Saab", "Season 5"],
["Michael Laungani", "Season 5"],
["Tammy Trenta", "Season 5"],
["Roxanne Wilson", "Season 5"],
["Allie Jablon", "Season 5"],
["Lee Bienstock", "Season 5"],
["Sean Yazbeck", "Season 5"],
["Martin Clarke", "Season 6"],
["Carey Sherrell", "Season 6"],
["Michelle Sorro", "Season 6"],
["Marisa DeMato", "Season 6"],
["Aaron Altscher", "Season 6"],
["Aimee Trottier", "Season 6"],
["Derek Arteta", "Season 6"],
["Jenn Hoffman", "Season 6"],
["Surya Yalamanchili", "Season 6"],
["Muna Heaven", "Season 6"],
["Angela Ruggiero", "Season 6"],
["Tim Urban", "Season 6"],
["Heidi Androl", "Season 6"],
["Kristine Lefebvre", "Season 6"],
["Frank Lombardi", "Season 6"],
["Nicole D'Ambrosio", "Season 6"],
["Nicole DAmbrosio", "Season 6"],
["Nicole D Ambrosio", "Season 6"],
["James Sun", "Season 6"],
["Stefanie Schaeffer", "Season 6"],
["Tiffany Fallon", "Season 7"],
["Nadia Comăneci", "Season 7"],
["Gene Simmons", "Season 7"],
["Jennie Finch", "Season 7"],
["Vincent Pastore", "Season 7"],
["Nely Galán", "Season 7"],
["Marilu Henner", "Seasons 7 and 13"],
["Tito Ortiz", "Season 7"],
["Stephen Baldwin", "Seasons 7 and 13"],
["Lennox Lewis", "Season 7"],
["Carol Alt", "Season 7"],
["Trace Adkins", "Seasons 7 and 13"],
["Piers Morgan", "Season 7"],
["Andrew \"Dice\" Clay", "Season 8"],
["Andrew Dice Clay", "Season 8"],
["Dice", "Season 8"],
["Scott Hamilton", "Season 8"],
["Tom Green", "Season 8"],
["Claudia Jordan", "Seasons 8 and 13"],
["Dennis Rodman", "Seasons 8 and 13"],
["Tionne Watkins", "Season 8"],
["Khloé Kardashian", "Season 8"],
["Brian McKnight", "Season 8"],
["Natalie Gulbis", "Season 8"],
["Herschel Walker", "Season 8"],
["Melissa Rivers", "Season 8"],
["Clint Black", "Season 8"],
["Brande Roderick", "Seasons 8 and 13"],
["Jesse James", "Season 8"],
["Annie Duke", "Season 8"],
["Joan Rivers", "Season 8"],
["Carol Leifer", "Season 9"],
["Sinbad", "Season 9"],
["Darryl Strawberry", "Season 9"],
["Rod Blagojevich", "Season 9"],
["Michael Johnson", "Season 9"],
["Selita Ebanks", "Season 9"],
["Bill Goldberg", "Season 9"],
["Summer Sanders", "Season 9"],
["Cyndi Lauper", "Season 9"],
["Maria Kanellis", "Season 9"],
["Curtis Stone", "Season 9"],
["Sharon Osbourne", "Season 9"],
["Holly Robinson Peete", "Season 9"],
["Bret Michaels", "Seasons 9 and 13"],
["Brett Michaels", "Seasons 9 and 13"],
["Nicole Chiu", "Season 10"],
["Alex Delgado", "Season 10"],
["James Weir", "Season 10"],
["Tyana Alvarado", "Season 10"],
["Gene Folkes", "Season 10"],
["Wade Hanson", "Season 10"],
["Kelly Smith Beaty", "Season 10"],
["Mahsa Saeidi-Azcuy", "Season 10"],
["David Johnson", "Season 10"],
["Anand Vasudev", "Season 10"],
["Poppy Carlig", "Season 10"],
["Stephanie Castagnier", "Season 10"],
["Steuart Martens", "Season 10"],
["Liza Mucheru-Wisner", "Season 10"],
["Clint Robertson", "Season 10"],
["Brandy Kuentzel", "Season 10"],
["David Cassidy", "Season 11"],
["Lisa Rinna", "Seasons 11 and 13"],
["Niki Taylor", "Season 11"],
["Dionne Warwick", "Season 11"],
["Jose Canseco", "Season 11"],
["Richard Hatch", "Season 11"],
["Mark McGrath", "Season 11"],
["Gary Busey", "Seasons 11 and 13"],
["Hope Dworaczyk", "Season 11"],
["NeNe Leakes", "Season 11"],
["La Toya Jackson", "Seasons 11 and 13"],
["Star Jones", "Season 11"],
["Lil Jon", "Seasons 11 and 13"],
["Meat Loaf", "Season 11"],
["Meatloaf", "Season 11"],
["Marlee Matlin", "Season 11"],
["John Rich", "Season 11"],
["Cheryl Tiegs", "Season 12"],
["Victoria Gotti", "Season 12"],
["George Takei", "Season 12"],
["Adam Carolla", "Season 12"],
["Michael Andretti", "Season 12"],
["Tia Carrere", "Season 12"],
["Patricia Velásquez", "Season 12"],
["Debbie Gibson", "Season 12"],
["Dee Snider", "Seasons 12 and 13"],
["Lou Ferrigno", "Season 12"],
["Paul Teutul, Sr.", "Season 12"],
["Penn Jillette", "Seasons 12 and 13"],
["Penn", "Seasons 12 and 13"],
["Dayana Mendoza", "Season 12"],
["Teresa Giudice", "Season 12"],
["Lisa Lampanelli", "Season 12"],
["Aubrey O'Day", "Season 12"],
["Clay Aiken", "Season 12"],
["Arsenio Hall", "Season 12"],
["Keshia Knight Pulliam", "Season 14"],
["Kevin Jonas", "Season 14"],
["Gilbert Gottfried", "Season 14"],
["Jamie Anderson", "Season 14"],
["Terrell Owens", "Season 14"],
["Shawn Johnson", "Season 14"],
["Lorenzo Lamas", "Season 14"],
["Sig Hansen", "Season 14"],
["Kate Gosselin", "Season 14"],
["Kenya Moore", "Season 14"],
["Ian Ziering", "Season 14"],
["Johnny Damon", "Season 14"],
["Brandi Glanville", "Season 14"],
["Vivica A. Fox", "Season 14"],
["Geraldo Rivera", "Season 14"],
["Geraldo", "Season 14"],
["Leeza Gibbons", "Season 14"],
]
