[
["David Gould", "16th"],
["Jason Curis", "15th"],
["Sam Solovey", "14th"],
["Bowie Hogg", "13th"],
["Kristi Frank", "12th"],
["Jessie Connors", "11th"],
["Tammy Lee", "9th"],
["Ereka Vetrini", "8th"],
["Heidi Bressler", "7th"],
["Katrina Campins", "6th"],
["Troy McClain", "5th"],
["Nick Warnock", "4th"],
["Amelia \"Amy\" Henry",  "3rd"],
["Amelia Amy Henry",  "3rd"],
["Amelia Henry",  "3rd"],
["Amy Henry", "3rd"],
["Kwame Jackson", "2nd"],
["Bill Rancic", "1st"],
["Rob Flanagan", "18th"],
["Bradford Cohen", "17th"],
["Stacie Jones Upchurch", "16th"],
["Jennifer Crisafulli", "15th"],
["Pamela Day", "14th"],
["John Willenborg", "13th"],
["Stacy Rotner", "12th"],
["Elizabeth Jarosz", "11th"],
["Raj Bhakta", "10th"],
["Chris Russo", "9th"],
["Maria Boren", "8th"],
["Wes Moss", "7th"],
["Andy Litinsky", "6th"],
["Ivana Ma", "5th"],
["Kevin Allen", "4th"],
["Sandy Ferreira",  "3rd"],
["Jennifer Massey", "2nd"],
["Kelly Perdew", "1st"],
["Todd Everett", "18th"],
["Brian McDowell", "17th"],
["Verna Felton", "16th"],
["Danny Kastner", "15th"],
["Kristen Kirchner", "14th"],
["Michael Tarshi", "13th"],
["Tara Dowdell", "12th"],
["Audrey Evans", "11th"],
["John Gafford", "10th"],
["Erin Elmore", "9th"],
["Stephanie Myers", "8th"],
["Angie McKnight", "7th"],
["Chris Shelton", "6th"],
["Bren Olswanger", "5th"],
["Alex Thomason", "4th"],
["Craig Williams",  "3rd"],
["Tana Goertz", "2nd"],
["Kendra Todd", "1st"],
["Melissa Holovach", "18th"],
["Chris Valletta", "17th"],
["Jennifer Wallen", "16th"],
["Toral Mehta", "15th"],
["Kristi Caudell", "14th"],
["James Dillon", "13th"],
["Mark Lamkin", "13th"],
["Jennifer Murphy", "13th"],
["Josh Shaw", "13th"],
["Markus Garrison", "9th"],
["Brian Mandelbaum", "8th"],
["Marshawn Evans", "7th"],
["Clay Lee", "6th"],
["Adam Israelov", "5th"],
["Felisha Mason", "4th"],
["Alla Wartenberg",  "3rd"],
["Rebecca Jarvis", "2nd"],
["Randal Pinkett", "1st"],
["Summer Zervos", "18th"],
["Stacy Schneider", "17th"],
["Jose \"Pepi\" Diaz", "16th"],
["Jose Pepi Diaz", "16th"],
["Jose Diaz", "16th"],
["Pepi Diaz", "16th"],
["Theresa Boutross", "15th"],
["Brent Buckman", "14th"],
["Dan Brody", "13th"],
["Bryce Gahagan", "12th"],
["Lenny Veltman", "11th"],
["Leslie Bourgeois", "10th"],
["Andrea Lake", "9th"],
["Charmaine Hunt", "8th"],
["Tarek Saab", "7th"],
["Michael Laungani", "6th"],
["Tammy Trenta", "5th"],
["Roxanne Wilson", "4th"],
["Allie Jablon", "4th"],
["Lee Bienstock", "2nd"],
["Sean Yazbeck", "1st"],
["Martin Clarke", "18th"],
["Carey Sherrell", "17th"],
["Michelle Sorro", "16th"],
["Marisa DeMato", "15th"],
["Aaron Altscher", "14th"],
["Aimee Trottier", "13th"],
["Derek Arteta", "12th"],
["Jenn Hoffman", "11th"],
["Surya Yalamanchili", "10th"],
["Muna Heaven", "9th"],
["Angela Ruggiero", "8th"],
["Tim Urban", "7th"],
["Heidi Androl", "6th"],
["Kristine Lefebvre", "5th"],
["Frank Lombardi", "4th"],
["Nicole D'Ambrosio", "3rd"],
["Nicole DAmbrosio", "3rd"],
["Nicole D Ambrosio", "3rd"],
["James Sun", "2nd"],
["Stefanie Schaeffer", "1st"],
["Tiffany Fallon", "14th"],
["Nadia Comăneci", "13th"],
["Gene Simmons", "12th"],
["Jennie Finch", "11th"],
["Vincent Pastore", "10th"],
["Nely Galan", "9th"],
["Tito Ortiz", "7th"],
["Stephen Baldwin", "5th"],
["Lennox Lewis", "4th"],
["Carol Alt",  "3rd"],
["Piers Morgan", "1st"],
["Andrew \"Dice\" Clay", "16th"],
["Andrew Dice Clay", "16th"],
["Dice", "16th"],
["Scott Hamilton", "15th"],
["Tom Green", "14th"],
["Tionne Watkins", "11th"],
["Khloé Kardashian", "10th"],
["Brian McKnight", "9th"],
["Natalie Gulbis", "8th"],
["Herschel Walker", "7th"],
["Melissa Rivers", "6th"],
["Clint Black", "5th"],
["Jesse James", "3rd"],
["Annie Duke", "2nd"],
["Joan Rivers", "1st"],
["Carol Leifer", "14th"],
["Sinbad", "13th"],
["Darryl Strawberry", "12th"],
["Rod Blagojevich", "11th"],
["Michael Johnson", "10th"],
["Selita Ebanks", "9th"],
["Bill Goldberg", "8th"],
["Summer Sanders", "7th"],
["Cyndi Lauper", "6th"],
["Maria Kanellis", "5th"],
["Curtis Stone", "4th"],
["Sharon Osbourne", "3rd"],
["Holly Robinson Peete", "2nd"],
["Nicole Chiu", "16th"],
["Alex Delgado", "15th"],
["James Weir", "14th"],
["Tyana Alvarado", "13th"],
["Gene Folkes", "12th"],
["Wade Hanson", "11th"],
["Kelly Smith Beaty", "10th"],
["Mahsa Saeidi-Azcuy", "9th"],
["David Johnson", "8th"],
["Anand Vasudev", "7th"],
["Poppy Carlig", "6th"],
["Stephanie Castagnier", "5th"],
["Steuart Martens", "4th"],
["Liza Mucheru-Wisner", "3rd"],
["Clint Robertson", "2nd"],
["Brandy Kuentzel", "1st"],
["David Cassidy", "16th"],
["Niki Taylor", "14th"],
["Dionne Warwick", "13th"],
["Jose Canseco", "12th"],
["Richard Hatch", "11th"],
["Mark McGrath", "10th"],
["Hope Dworaczyk", "8th"],
["NeNe Leakes", "7th"],
["Star Jones", "5th"],
["Meat Loaf", "3rd"],
["Meatloaf", "3rd"],
["Marlee Matlin", "2nd"],
["John Rich", "1st"],
["Cheryl Tiegs", "18th"],
["Victoria Gotti", "17th"],
["George Takei", "16th"],
["Adam Carolla", "15th"],
["Michael Andretti", "14th"],
["Tia Carrere", "13th"],
["Patricia Velásquez", "12th"],
["Debbie Gibson", "11th"],
["Lou Ferrigno", "9th"],
["Paul Teutul, Sr.", "8th"],
["Dayana Mendoza", "6th"],
["Teresa Giudice", "5th"],
["Lisa Lampanelli", "4th"],
["Aubrey O'Day", "3rd"],
["Clay Aiken", "2nd"],
["Arsenio Hall", "1st"],
["Bret Michaels", "1st and 14th, respectively"],
["Brett Michaels", "1st and 14th, respectively"],
["Dee Snider", "10th and 13th"],
["La Toya Jackson", "6th and 12th, respectively"],
["Claudia Jordan", "13th and 11th, respectively"],
["Omarosa Manigault-Stallworth", "8th, 6th and 10th, respectively"],
["Omarosa", "8th, 6th and 10th, respectively"],
["Dennis Rodman", "12th and 9th, respectively"],
["Stephen Baldwin", "5th and 8th, respectively"],
["Brande Roderick", "4th and 7th, respectively"],
["Gary Busey", "9th and 6th, respectively"],
["Marilu Henner", "8th and 5th"],
["Lisa Rinna", "15th and 4th, respectively"],
["Lil Jon", "4th and 3rd, respectively"],
["Penn Jillette", "7th and 2nd"],
["Penn", "7th and 2nd"],
["Trace Adkins", "2nd and 1st, respectively"],
["Keshia Knight Pulliam", "16th"],
["Kevin Jonas", "15th"],
["Gilbert Gottfried", "14th"],
["Jamie Anderson", "13th"],
["Terrell Owens", "12th"],
["Shawn Johnson", "11th"],
["Lorenzo Lamas", "10th"],
["Sig Hansen", "9th"],
["Kate Gosselin", "8th"],
["Kenya Moore", "7th"],
["Ian Ziering", "6th"],
["Johnny Damon", "5th"],
["Brandi Glanville", "4th"],
["Vivica A. Fox", "3rd"],
["Geraldo Rivera", "2nd"],
["Geraldo", "2nd"],
["Leeza Gibbons", "1st"],
]
